=== deterministic deployment verification: issue-87 ===
date: 2026-09-30T12:05:44Z
branch: ai-sdlc/issue-87
head: 385c7119bded2aa3a5c9a2a792306314d2cd5e43

$ pnpm lint
 WARN  Unsupported engine: wanted: {"node":">=22 <23"} (current: {"node":"v20.19.0","pnpm":"9.15.9"})

> agorix@0.0.0 lint /home/faguero/dev-agora/.agorix-agora-worktrees/issue-87
> eslint . --max-warnings=0

exit=0

$ pnpm tsc --noEmit
 WARN  Unsupported engine: wanted: {"node":">=22 <23"} (current: {"node":"v20.19.0","pnpm":"9.15.9"})
exit=0

$ pnpm test
 WARN  Unsupported engine: wanted: {"node":">=22 <23"} (current: {"node":"v20.19.0","pnpm":"9.15.9"})

> agorix@0.0.0 test /home/faguero/dev-agora/.agorix-agora-worktrees/issue-87
> vitest run


 RUN  v4.1.11 /home/faguero/dev-agora/.agorix-agora-worktrees/issue-87


 Test Files  30 passed (30)
      Tests  488 passed (488)
   Start at  09:05:48
   Duration  891ms (transform 4.84s, setup 0ms, import 6.25s, tests 419ms, environment 2ms)

exit=0

$ pnpm build
 WARN  Unsupported engine: wanted: {"node":">=22 <23"} (current: {"node":"v20.19.0","pnpm":"9.15.9"})

> agorix@0.0.0 build /home/faguero/dev-agora/.agorix-agora-worktrees/issue-87
> pnpm -r --if-present run build

.                                        |  WARN  Unsupported engine: wanted: {"node":">=22 <23"} (current: {"node":"v20.19.0","pnpm":"9.15.9"})
Scope: 16 of 17 workspace projects
packages/platform-contract build$ tsc -p tsconfig.json
packages/program-model build$ tsc -p tsconfig.json
packages/platform-contract build: Done
packages/program-model build: Done
packages/language-projection build$ tsc -p tsconfig.json
packages/persistence build$ tsc -p tsconfig.json
packages/language-projection build: Done
packages/persistence build: Done
packages/code-generator build$ tsc -p tsconfig.json
packages/code-generator build: Done
packages/block-editor build$ tsc -p tsconfig.json
packages/proposals build$ tsc -p tsconfig.json
packages/runtime build$ tsc -p tsconfig.json
packages/runtime build: Done
packages/proposals build: Done
packages/block-editor build: Done
packages/curriculum build$ tsc -p tsconfig.json
packages/stage build$ tsc -p tsconfig.json
packages/stage build: Done
packages/curriculum build: Done
extensions/vscode build$ tsc -p tsconfig.json
packages/learning-evidence build$ tsc -p tsconfig.json
packages/tutor-contract build$ tsc -p tsconfig.json
packages/learning-evidence build: Done
extensions/vscode build: Done
packages/tutor-contract build: Done
apps/web build$ tsc -p tsconfig.json && vite build
packages/provider-runtime build$ tsc -p tsconfig.json
packages/provider-runtime build: Done
apps/web build: vite v7.3.6 building client environment for production...
apps/web build: transforming...
apps/web build: ✓ 59 modules transformed.
apps/web build: rendering chunks...
apps/web build: computing gzip size...
apps/web build: dist/index.html                   1.54 kB │ gzip:  0.72 kB
apps/web build: dist/assets/index-5xI9AYi7.css   11.99 kB │ gzip:  3.27 kB
apps/web build: dist/assets/index-D6WwY3qa.js   214.01 kB │ gzip: 67.51 kB
apps/web build: ✓ built in 581ms
apps/web build: Done
apps/tutor-api build$ tsc -p tsconfig.json
apps/tutor-api build: Done
exit=0

